0 verbose cli C:\Program Files\nodejs\node.exe C:\Users\Devin Keehner\.npm-global\node_modules\npm\bin\npm-cli.js
1 info using npm@11.9.0
2 info using node@v22.14.0
3 silly config load:file:C:\Users\Devin Keehner\.npm-global\node_modules\npm\npmrc
4 silly config load:file:C:\Users\Devin Keehner\Projects\YPAA Website\NECYPAA XXXVI\.npmrc
5 silly config load:file:C:\Users\Devin Keehner\.npmrc
6 silly config load:file:C:\Users\Devin Keehner\.npm-global\etc\npmrc
7 verbose title npm install
8 verbose argv "install" "--ignore-scripts"
9 verbose logfile logs-max:10 dir:C:\Users\Devin Keehner\Projects\YPAA Website\NECYPAA XXXVI\.sites-runtime\npm-cache\_logs\2026-08-17T12_04_01_977Z-
10 verbose logfile C:\Users\Devin Keehner\Projects\YPAA Website\NECYPAA XXXVI\.sites-runtime\npm-cache\_logs\2026-08-17T12_04_01_977Z-debug-0.log
11 silly logfile start cleaning logs, removing 1 files
12 silly packumentCache heap:2197815296 maxSize:549453824 maxEntrySize:274726912
13 silly logfile done cleaning log files
14 silly idealTree buildDeps
15 silly fetch manifest @payloadcms/db-mongodb@3.87.0
16 silly packumentCache full:https://registry.npmjs.org/@payloadcms%2fdb-mongodb cache-miss
17 http fetch GET https://registry.npmjs.org/@payloadcms%2fdb-mongodb attempt 1 failed with EACCES
18 http fetch GET https://registry.npmjs.org/@payloadcms%2fdb-mongodb attempt 2 failed with EACCES
19 http fetch GET https://registry.npmjs.org/@payloadcms%2fdb-mongodb attempt 3 failed with EACCES
20 http fetch GET 200 https://registry.npmjs.org/@payloadcms%2fdb-mongodb 71294ms (cache stale)
21 silly packumentCache full:https://registry.npmjs.org/@payloadcms%2fdb-mongodb set size:4683324 disposed:false
22 silly fetch manifest payload@3.87.0
23 silly packumentCache full:https://registry.npmjs.org/payload cache-miss
24 http fetch GET https://registry.npmjs.org/payload attempt 1 failed with EACCES
25 http fetch GET https://registry.npmjs.org/payload attempt 2 failed with EACCES
